// Jest Snapshot v1, https://goo.gl/fbAQLP

exports[`renders Navbar correctly 1`] = `
<div
  className="ant-card ant-card-bordered ant-card-hoverable ProfilePoststyled__PostCardCont-sc-ab9iyo-0 kWaetX"
  style={
    Object {
      "width": 240,
    }
  }
>
  <div
    className="ant-card-cover"
  >
    <img
      alt="example"
      src="https://os.alipayobjects.com/rmsportal/QBnOOoLaAfKPirc.png"
      width="240"
    />
  </div>
  <div
    className="ant-card-body"
    style={Object {}}
  >
    <div
      className="ProfilePoststyled__PostCardBody-sc-ab9iyo-1 jYerBU"
    >
      <div
        className="upper-body"
      >
        <h4
          className="name"
        >
          John Doe
        </h4>
        <h4
          className="salary"
        >
          $5/day
        </h4>
      </div>
      <div
        className="middle-body"
      >
        <a
          href="#"
        >
          <p>
            Lorem ipsum dolor sit amet consectetur, adipisicing elit. Amet tenetur dicta nobis ullam quisquam eius dolorem nesciunt minima error maxime natus, voluptate nihil delectus corporis fugiat id cupiditate iure in aliquid ut voluptatem non ex eligendi. Cum expedita dolorum accusantium beatae dolores laborum aliquid veritatis quod odit, consequuntur velit nesciunt.
          </p>
        </a>
      </div>
      <div
        className="lower-body"
      >
        <form
          action=""
        >
          <button
            type="submit"
          >
            <svg
              aria-hidden="true"
              className="svg-inline--fa fa-trash-alt fa-w-14 "
              data-icon="trash-alt"
              data-prefix="fas"
              focusable="false"
              role="img"
              style={Object {}}
              viewBox="0 0 448 512"
              xmlns="http://www.w3.org/2000/svg"
            >
              <path
                d="M32 464a48 48 0 0 0 48 48h288a48 48 0 0 0 48-48V128H32zm272-256a16 16 0 0 1 32 0v224a16 16 0 0 1-32 0zm-96 0a16 16 0 0 1 32 0v224a16 16 0 0 1-32 0zm-96 0a16 16 0 0 1 32 0v224a16 16 0 0 1-32 0zM432 32H312l-9.4-18.7A24 24 0 0 0 281.1 0H166.8a23.72 23.72 0 0 0-21.4 13.3L136 32H16A16 16 0 0 0 0 48v32a16 16 0 0 0 16 16h416a16 16 0 0 0 16-16V48a16 16 0 0 0-16-16z"
                fill="currentColor"
                style={Object {}}
              />
            </svg>
          </button>
        </form>
      </div>
    </div>
  </div>
</div>
`;
